error: #[error(transparent)] requires exactly one field
 --> $DIR/tests/ui/transparent-struct-many.rs:4:1
  |
4 | #[error(transparent)]
  | ^^^^^^^^^^^^^^^^^^^^^
