error: #[error(transparent)] requires exactly one field
 --> $DIR/tests/ui/transparent-enum-many.rs:5:5
  |
5 | /     #[error(transparent)]
6 | |     Other(anyhow::Error, String),
  | |________________________________^
